EXPLORE slopes (18): sqrt2-1 [0;2,2,2,...], [0;3,3,3,...], liouville a_7=50, liouville a_5=50, liouville a_3=500, e-2, random#14, random#12, random#04, random#03, random#11, random#16, random#00, random#15, random#13, random#01, rational 21/34, rational 8/13
HOLDOUT is untouched by this script.
rows: 12973
== 1.1 S1 = mode - K(h), and the convention-free S1r = mode - r(h) ==
   (K(h) = G(M+h)-G(M+5) is the study code's definition; it ignores E, so S1 shifts with E)
   window (M,E)=( 2,1): S1 values {-1: 1114, -2: 1064} | S1r values {-4: 1208, -3: 721, -5: 165, -6: 84}
   window (M,E)=( 3,1): S1 values {-1: 1129, -2: 990, -3: 59} | S1r values {-3: 1125, -5: 542, -4: 452, -6: 59}
   window (M,E)=( 5,2): S1 values {-2: 1347, -1: 468, -3: 363} | S1r values {-3: 1658, -4: 419, -5: 101}
   window (M,E)=( 8,1): S1 values {-1: 1117, -2: 1058, 0: 3} | S1r values {-3: 969, -4: 616, -5: 493, -6: 100}
   window (M,E)=(13,3): S1 values {-2: 850, -3: 844, -4: 480, -5: 4} | S1r values {-3: 2056, -4: 122}
== 1.2 is the mode ever tied, or S1r non-constant, for h >= 30? ==
   tied modes: 185 of 10890 rows with h>=30
   (slope,window) classes with non-constant S1r on h>=30: 34 of 90
      ('liouville a_7=50', 2, 1) -> [-5, -4]
      ('liouville a_7=50', 3, 1) -> [-5, -4]
      ('liouville a_7=50', 5, 2) -> [-4, -3]
      ('liouville a_7=50', 8, 1) -> [-5, -4]
      ('liouville a_5=50', 3, 1) -> [-5, -4]
      ('liouville a_5=50', 5, 2) -> [-4, -3]
      ('liouville a_5=50', 8, 1) -> [-5, -4]
      ('liouville a_5=50', 13, 3) -> [-4, -3]
== 1.3 S1r by family and window (h>=30) ==
   bounded    (2,1):[-4, -3] (3,1):[-3] (5,2):[-3] (8,1):[-3] (13,3):[-3]
   liouville  (2,1):[-5, -4, -3] (3,1):[-5, -4] (5,2):[-4, -3] (8,1):[-5, -4, -3] (13,3):[-4, -3]
   named      (2,1):[-6, -5] (3,1):[-6, -5, -4] (5,2):[-5, -4] (8,1):[-6, -5] (13,3):[-4, -3]
   random     (2,1):[-4, -3] (3,1):[-5, -4, -3] (5,2):[-4, -3] (8,1):[-4, -3] (13,3):[-4, -3]
   rational   (2,1):[-5, -4] (3,1):[-5, -4] (5,2):[-4, -3] (8,1):[-5, -4] (13,3):[-3]
== 1.4 S2 = mean - K and S3 = Var/K, by family, at h = 50,100,150 ==
   bounded    h= 50  S2 in [-0.3765,+0.3197]  S3 in [1.8780,2.0588]  (n=2)
   bounded    h=100  S2 in [-0.3769,+0.3194]  S3 in [1.9417,2.0274]  (n=2)
   bounded    h=150  S2 in [-0.3769,+0.3194]  S3 in [1.9611,2.0175]  (n=2)
   liouville  h= 50  S2 in [-0.3641,-0.2284]  S3 in [1.6297,1.8054]  (n=3)
   liouville  h=100  S2 in [-0.4265,-0.2764]  S3 in [1.7914,1.9035]  (n=3)
   liouville  h=150  S2 in [-0.4313,-0.2791]  S3 in [1.8616,1.9365]  (n=3)
   named      h= 50  S2 in [-0.9425,-0.9425]  S3 in [1.4015,1.4015]  (n=1)
   named      h=100  S2 in [-1.3044,-1.3044]  S3 in [1.5964,1.5964]  (n=1)
   named      h=150  S2 in [-1.3830,-1.3830]  S3 in [1.7083,1.7083]  (n=1)
   random     h= 50  S2 in [-0.7366,+0.4870]  S3 in [1.6929,2.1011]  (n=10)
   random     h=100  S2 in [-0.7580,+0.4860]  S3 in [1.8402,2.0493]  (n=10)
   random     h=150  S2 in [-0.7587,+0.4860]  S3 in [1.8943,2.0317]  (n=10)
   rational   h= 50  S2 in [-0.3738,-0.3641]  S3 in [1.6253,1.6297]  (n=2)
   rational   h=100  S2 in [-0.4399,-0.4265]  S3 in [1.7911,1.7914]  (n=2)
   rational   h=150  S2 in [-0.4446,-0.4313]  S3 in [1.8591,1.8616]  (n=2)
== 1.5 S4 (TV vs ideal kernel) and S5 (mass above h0=5), window (2,1) ==
   bounded    h=150  S4 in [0.0129,0.0143]  S5 in [1.000000,1.000000]
   liouville  h=150  S4 in [0.0110,0.0158]  S5 in [1.000000,1.000000]
   named      h=150  S4 in [0.0390,0.0390]  S5 in [1.000000,1.000000]
   random     h=150  S4 in [0.0032,0.0249]  S5 in [0.999940,1.000000]
   rational   h=150  S4 in [0.0158,0.0161]  S5 in [1.000000,1.000000]