slopes: 47 study + 8 holdout ; (slope,window,hmax) jobs: 400
rows with r >= 20: 63972  (ties among them: 0)

== 1. distribution of v2(Delta) and v2(Delta') ==
   v2(Delta) : n=63972, max = 17, mean = 1.1043
      k :  count    observed P(v2 = k)   geometric 2^-(k+1)   observed P(v2 >= k)   2^-k
      0 :   29391      0.459435            0.500000           1.000000        1.000000
      1 :   16706      0.261146            0.250000           0.540565        0.500000
      2 :    8766      0.137029            0.125000           0.279419        0.250000
      3 :    4454      0.069624            0.062500           0.142390        0.125000
      4 :    2409      0.037657            0.031250           0.072766        0.062500
      5 :    1138      0.017789            0.015625           0.035109        0.031250
      6 :     540      0.008441            0.007812           0.017320        0.015625
      7 :     325      0.005080            0.003906           0.008879        0.007812
      8 :     118      0.001845            0.001953           0.003799        0.003906
      9 :      61      0.000954            0.000977           0.001954        0.001953
     10 :      20      0.000313            0.000488           0.001000        0.000977
     11 :      30      0.000469            0.000244           0.000688        0.000488
     12 :      10      0.000156            0.000122           0.000219        0.000244
     13 :       0      0.000000            0.000061           0.000063        0.000122
     14 :       2      0.000031            0.000031           0.000063        0.000061
     15 :       0      0.000000            0.000015           0.000031        0.000031
     16 :       0      0.000000            0.000008           0.000031        0.000015
     17 :       2      0.000031            0.000004           0.000031        0.000008
   v2(Delta') : n=63972, max = 13, mean = 1.0866
      k :  count    observed P(v2 = k)   geometric 2^-(k+1)   observed P(v2 >= k)   2^-k
      0 :   29398      0.459545            0.500000           1.000000        1.000000
      1 :   16896      0.264116            0.250000           0.540455        0.500000
      2 :    8899      0.139108            0.125000           0.276340        0.250000
      3 :    4465      0.069796            0.062500           0.137232        0.125000
      4 :    2179      0.034062            0.031250           0.067436        0.062500
      5 :    1090      0.017039            0.015625           0.033374        0.031250
      6 :     559      0.008738            0.007812           0.016335        0.015625
      7 :     240      0.003752            0.003906           0.007597        0.007812
      8 :     104      0.001626            0.001953           0.003845        0.003906
      9 :      64      0.001000            0.000977           0.002220        0.001953
     10 :      50      0.000782            0.000488           0.001219        0.000977
     11 :      23      0.000360            0.000244           0.000438        0.000488
     12 :       2      0.000031            0.000122           0.000078        0.000244
     13 :       3      0.000047            0.000061           0.000047        0.000122

== 2. is max v2 bounded, and does it grow with r? ==
   r band      n     max v2(Delta)  max v2(Delta')   mean v2   median bits of Delta
    20- 30   10277       14            11         1.2214    35
    30- 50   15853       11            11         1.0976    63
    50- 80   17177       11            13         1.0810    111
    80-120   14279       17            12         1.0950    176
   120-200    5092       12            11         1.0147    257
   200-400    1294       10             9         1.0216    467
   overall max v2(Delta) = 17 ; max v2(Delta') = 13
   under the geometric law the expected max over n=63972 draws is about log2(n) = 16.0
   -> observed max 17 vs 16.0 expected: consistent with random

== 3. residues of Delta modulo small powers of 2 ==
   Delta mod  2 : {0: 34581, 1: 29391}
   Delta mod  4 : {0: 17875, 1: 14560, 2: 16706, 3: 14831}
   Delta mod  8 : {0: 9109, 1: 7109, 2: 8180, 3: 7470, 4: 8766, 5: 7451, 6: 8526, 7: 7361}
   Delta mod 16 : {0: 4655, 1: 3674, 2: 4073, 3: 3678, 4: 4437, 5: 3637, 6: 4265, 7: 3693, 8: 4454, 9: 3435, 10: 4107, 11: 3792, 12: 4329, 13: 3814, 14: 4261, 15: 3668}
   Delta' mod  2: {0: 34574, 1: 29398}
   Delta' mod  4: {0: 17678, 1: 14926, 2: 16896, 3: 14472}
   Delta' mod  8: {0: 8779, 1: 7479, 2: 8358, 3: 7322, 4: 8899, 5: 7447, 6: 8538, 7: 7150}
   Delta' mod 16: {0: 4314, 1: 3905, 2: 4208, 3: 3744, 4: 4580, 5: 3674, 6: 4256, 7: 3437, 8: 4465, 9: 3574, 10: 4150, 11: 3578, 12: 4319, 13: 3773, 14: 4282, 15: 3713}

== 3b. does the profile mod 2^m evolve exactly under the reduced operators? ==
   (T0 = identity, T1 = cumulative sum with +1 at j=0 are integer affine maps, so
    reduction mod 2^m must commute with them; verified directly below.)
   checks: 9452 matched, 0 mismatched