== 1.1 sweep M=2..40, E=1..12, h<=150, margin=2 ==
   (reporting only classes with at least one failure)
   M= 2 E= 2 : T1  87/ 88  (fail h=[1], l0 there=[0])  T0 62/62 
   M= 2 E= 3 : T1  86/ 88  (fail h=[1, 3], l0 there=[0, 0])  T0 62/62 
   M= 2 E= 4 : T1  85/ 88  (fail h=[1, 3, 4], l0 there=[0, 0, 0])  T0 62/62 
   M= 2 E= 5 : T1  84/ 88  (fail h=[1, 3, 4, 6], l0 there=[0, 0, 0, 0])  T0 62/62 
   M= 2 E= 6 : T1  83/ 88  (fail h=[1, 3, 4, 6, 8], l0 there=[0, 0, 0, 0, 0])  T0 62/62 
   M= 2 E= 7 : T1  82/ 88  (fail h=[1, 3, 4, 6, 8, 9], l0 there=[0, 0, 0, 0, 0, 0])  T0 62/62 
   M= 2 E= 8 : T1  81/ 88  (fail h=[1, 3, 4, 6, 8, 9, 11], l0 there=[0, 0, 0, 0, 0, 0, 0])  T0 62/62 
   M= 2 E= 9 : T1  80/ 88  (fail h=[1, 3, 4, 6, 8, 9, 11, 13], l0 there=[0, 0, 0, 0, 0, 0, 0, 0])  T0 62/62 
   M= 2 E=10 : T1  79/ 88  (fail h=[1, 3, 4, 6, 8, 9, 11, 13, 15], l0 there=[0, 0, 0, 0, 0, 0, 0, 0, 0])  T0 62/62 
   M= 2 E=11 : T1  78/ 88  (fail h=[1, 3, 4, 6, 8, 9, 11, 13, 15, 16], l0 there=[0, 0, 0, 0, 0, 0, 0, 0, 0, 0])  T0 62/62 
   M= 2 E=12 : T1  77/ 88  (fail h=[1, 3, 4, 6, 8, 9, 11, 13, 15, 16, 18], l0 there=[0, 0, 0, 0, 0, 0, 0, 0, 0, 0, 0])  T0 62/62 
   M= 3 E= 3 : T1  87/ 88  (fail h=[2], l0 there=[0])  T0 62/62 
   M= 3 E= 4 : T1  86/ 88  (fail h=[2, 3], l0 there=[0, 0])  T0 62/62 
   M= 3 E= 5 : T1  85/ 88  (fail h=[2, 3, 5], l0 there=[0, 0, 0])  T0 62/62 
   M= 3 E= 6 : T1  84/ 88  (fail h=[2, 3, 5, 7], l0 there=[0, 0, 0, 0])  T0 62/62 
   M= 3 E= 7 : T1  83/ 88  (fail h=[2, 3, 5, 7, 8], l0 there=[0, 0, 0, 0, 0])  T0 62/62 
   M= 3 E= 8 : T1  82/ 88  (fail h=[2, 3, 5, 7, 8, 10], l0 there=[0, 0, 0, 0, 0, 0])  T0 62/62 
   M= 3 E= 9 : T1  81/ 88  (fail h=[2, 3, 5, 7, 8, 10, 12], l0 there=[0, 0, 0, 0, 0, 0, 0])  T0 62/62 
   M= 3 E=10 : T1  80/ 88  (fail h=[2, 3, 5, 7, 8, 10, 12, 14], l0 there=[0, 0, 0, 0, 0, 0, 0, 0])  T0 62/62 
   M= 3 E=11 : T1  79/ 88  (fail h=[2, 3, 5, 7, 8, 10, 12, 14, 15], l0 there=[0, 0, 0, 0, 0, 0, 0, 0, 0])  T0 62/62 
   M= 3 E=12 : T1  78/ 88  (fail h=[2, 3, 5, 7, 8, 10, 12, 14, 15, 17], l0 there=[0, 0, 0, 0, 0, 0, 0, 0, 0, 0])  T0 62/62 
   M= 4 E= 2 : T1  87/ 88  (fail h=[1], l0 there=[0])  T0 62/62 
   M= 4 E= 3 : T1  86/ 88  (fail h=[1, 2], l0 there=[0, 0])  T0 62/62 
   M= 4 E= 4 : T1  85/ 88  (fail h=[1, 2, 4], l0 there=[0, 0, 0])  T0 62/62 
   M= 4 E= 5 : T1  84/ 88  (fail h=[1, 2, 4, 6], l0 there=[0, 0, 0, 0])  T0 62/62 
   M= 4 E= 6 : T1  83/ 88  (fail h=[1, 2, 4, 6, 7], l0 there=[0, 0, 0, 0, 0])  T0 62/62 
   M= 4 E= 7 : T1  82/ 88  (fail h=[1, 2, 4, 6, 7, 9], l0 there=[0, 0, 0, 0, 0, 0])  T0 62/62 
   M= 4 E= 8 : T1  81/ 88  (fail h=[1, 2, 4, 6, 7, 9, 11], l0 there=[0, 0, 0, 0, 0, 0, 0])  T0 62/62 
   M= 4 E= 9 : T1  80/ 88  (fail h=[1, 2, 4, 6, 7, 9, 11, 13], l0 there=[0, 0, 0, 0, 0, 0, 0, 0])  T0 62/62 
   M= 4 E=10 : T1  79/ 88  (fail h=[1, 2, 4, 6, 7, 9, 11, 13, 14], l0 there=[0, 0, 0, 0, 0, 0, 0, 0, 0])  T0 62/62 
   M= 4 E=11 : T1  78/ 88  (fail h=[1, 2, 4, 6, 7, 9, 11, 13, 14, 16], l0 there=[0, 0, 0, 0, 0, 0, 0, 0, 0, 0])  T0 62/62 
   M= 4 E=12 : T1  77/ 88  (fail h=[1, 2, 4, 6, 7, 9, 11, 13, 14, 16, 18], l0 there=[0, 0, 0, 0, 0, 0, 0, 0, 0, 0, 0])  T0 62/62 
   M= 5 E= 3 : T1  87/ 88  (fail h=[1], l0 there=[0])  T0 62/62 
   M= 5 E= 4 : T1  86/ 88  (fail h=[1, 3], l0 there=[0, 0])  T0 62/62 
   M= 5 E= 5 : T1  85/ 88  (fail h=[1, 3, 5], l0 there=[0, 0, 0])  T0 62/62 
   M= 5 E= 6 : T1  84/ 88  (fail h=[1, 3, 5, 6], l0 there=[0, 0, 0, 0])  T0 62/62 
   M= 5 E= 7 : T1  83/ 88  (fail h=[1, 3, 5, 6, 8], l0 there=[0, 0, 0, 0, 0])  T0 62/62 
   M= 5 E= 8 : T1  82/ 88  (fail h=[1, 3, 5, 6, 8, 10], l0 there=[0, 0, 0, 0, 0, 0])  T0 62/62 
   M= 5 E= 9 : T1  81/ 88  (fail h=[1, 3, 5, 6, 8, 10, 12], l0 there=[0, 0, 0, 0, 0, 0, 0])  T0 62/62 
   M= 5 E=10 : T1  80/ 88  (fail h=[1, 3, 5, 6, 8, 10, 12, 13], l0 there=[0, 0, 0, 0, 0, 0, 0, 0])  T0 62/62 
   M= 5 E=11 : T1  79/ 88  (fail h=[1, 3, 5, 6, 8, 10, 12, 13, 15], l0 there=[0, 0, 0, 0, 0, 0, 0, 0, 0])  T0 62/62 
   M= 5 E=12 : T1  78/ 88  (fail h=[1, 3, 5, 6, 8, 10, 12, 13, 15, 17], l0 there=[0, 0, 0, 0, 0, 0, 0, 0, 0, 0])  T0 62/62 
   M= 6 E= 3 : T1  86/ 87  (fail h=[2], l0 there=[0])  T0 63/63 
   M= 6 E= 4 : T1  85/ 87  (fail h=[2, 4], l0 there=[0, 0])  T0 63/63 
   M= 6 E= 5 : T1  84/ 87  (fail h=[2, 4, 5], l0 there=[0, 0, 0])  T0 63/63 
   M= 6 E= 6 : T1  83/ 87  (fail h=[2, 4, 5, 7], l0 there=[0, 0, 0, 0])  T0 63/63 
   M= 6 E= 7 : T1  82/ 87  (fail h=[2, 4, 5, 7, 9], l0 there=[0, 0, 0, 0, 0])  T0 63/63 
   M= 6 E= 8 : T1  81/ 87  (fail h=[2, 4, 5, 7, 9, 11], l0 there=[0, 0, 0, 0, 0, 0])  T0 63/63 
   M= 6 E= 9 : T1  80/ 87  (fail h=[2, 4, 5, 7, 9, 11, 12], l0 there=[0, 0, 0, 0, 0, 0, 0])  T0 63/63 
   M= 6 E=10 : T1  79/ 87  (fail h=[2, 4, 5, 7, 9, 11, 12, 14], l0 there=[0, 0, 0, 0, 0, 0, 0, 0])  T0 63/63 
   M= 6 E=11 : T1  78/ 87  (fail h=[2, 4, 5, 7, 9, 11, 12, 14, 16], l0 there=[0, 0, 0, 0, 0, 0, 0, 0, 0])  T0 63/63 
   M= 6 E=12 : T1  77/ 87  (fail h=[2, 4, 5, 7, 9, 11, 12, 14, 16, 17], l0 there=[0, 0, 0, 0, 0, 0, 0, 0, 0, 0])  T0 63/63 
   M= 7 E= 2 : T1  87/ 88  (fail h=[1], l0 there=[0])  T0 62/62 
   M= 7 E= 3 : T1  86/ 88  (fail h=[1, 3], l0 there=[0, 0])  T0 62/62 
   M= 7 E= 4 : T1  85/ 88  (fail h=[1, 3, 4], l0 there=[0, 0, 0])  T0 62/62 
   M= 7 E= 5 : T1  84/ 88  (fail h=[1, 3, 4, 6], l0 there=[0, 0, 0, 0])  T0 62/62 
   M= 7 E= 6 : T1  83/ 88  (fail h=[1, 3, 4, 6, 8], l0 there=[0, 0, 0, 0, 0])  T0 62/62 
   M= 7 E= 7 : T1  82/ 88  (fail h=[1, 3, 4, 6, 8, 10], l0 there=[0, 0, 0, 0, 0, 0])  T0 62/62 
   M= 7 E= 8 : T1  81/ 88  (fail h=[1, 3, 4, 6, 8, 10, 11], l0 there=[0, 0, 0, 0, 0, 0, 0])  T0 62/62 
   M= 7 E= 9 : T1  80/ 88  (fail h=[1, 3, 4, 6, 8, 10, 11, 13], l0 there=[0, 0, 0, 0, 0, 0, 0, 0])  T0 62/62 
   M= 7 E=10 : T1  79/ 88  (fail h=[1, 3, 4, 6, 8, 10, 11, 13, 15], l0 there=[0, 0, 0, 0, 0, 0, 0, 0, 0])  T0 62/62 
   M= 7 E=11 : T1  78/ 88  (fail h=[1, 3, 4, 6, 8, 10, 11, 13, 15, 16], l0 there=[0, 0, 0, 0, 0, 0, 0, 0, 0, 0])  T0 62/62 
   M= 7 E=12 : T1  77/ 88  (fail h=[1, 3, 4, 6, 8, 10, 11, 13, 15, 16, 18], l0 there=[0, 0, 0, 0, 0, 0, 0, 0, 0, 0, 0])  T0 62/62 
   M= 8 E= 3 : T1  87/ 88  (fail h=[2], l0 there=[0])  T0 62/62 
   M= 8 E= 4 : T1  86/ 88  (fail h=[2, 3], l0 there=[0, 0])  T0 62/62 
   M= 8 E= 5 : T1  85/ 88  (fail h=[2, 3, 5], l0 there=[0, 0, 0])  T0 62/62 
   M= 8 E= 6 : T1  84/ 88  (fail h=[2, 3, 5, 7], l0 there=[0, 0, 0, 0])  T0 62/62 
   M= 8 E= 7 : T1  83/ 88  (fail h=[2, 3, 5, 7, 9], l0 there=[0, 0, 0, 0, 0])  T0 62/62 
   M= 8 E= 8 : T1  82/ 88  (fail h=[2, 3, 5, 7, 9, 10], l0 there=[0, 0, 0, 0, 0, 0])  T0 62/62 
   M= 8 E= 9 : T1  81/ 88  (fail h=[2, 3, 5, 7, 9, 10, 12], l0 there=[0, 0, 0, 0, 0, 0, 0])  T0 62/62 
   M= 8 E=10 : T1  80/ 88  (fail h=[2, 3, 5, 7, 9, 10, 12, 14], l0 there=[0, 0, 0, 0, 0, 0, 0, 0])  T0 62/62 
   M= 8 E=11 : T1  79/ 88  (fail h=[2, 3, 5, 7, 9, 10, 12, 14, 15], l0 there=[0, 0, 0, 0, 0, 0, 0, 0, 0])  T0 62/62 
   M= 8 E=12 : T1  78/ 88  (fail h=[2, 3, 5, 7, 9, 10, 12, 14, 15, 17], l0 there=[0, 0, 0, 0, 0, 0, 0, 0, 0, 0])  T0 62/62 
   M= 9 E= 2 : T1  87/ 88  (fail h=[1], l0 there=[0])  T0 62/62 
   M= 9 E= 3 : T1  86/ 88  (fail h=[1, 2], l0 there=[0, 0])  T0 62/62 
   M= 9 E= 4 : T1  85/ 88  (fail h=[1, 2, 4], l0 there=[0, 0, 0])  T0 62/62 
   M= 9 E= 5 : T1  84/ 88  (fail h=[1, 2, 4, 6], l0 there=[0, 0, 0, 0])  T0 62/62 
   M= 9 E= 6 : T1  83/ 88  (fail h=[1, 2, 4, 6, 8], l0 there=[0, 0, 0, 0, 0])  T0 62/62 
   M= 9 E= 7 : T1  82/ 88  (fail h=[1, 2, 4, 6, 8, 9], l0 there=[0, 0, 0, 0, 0, 0])  T0 62/62 
   M= 9 E= 8 : T1  81/ 88  (fail h=[1, 2, 4, 6, 8, 9, 11], l0 there=[0, 0, 0, 0, 0, 0, 0])  T0 62/62 
   M= 9 E= 9 : T1  80/ 88  (fail h=[1, 2, 4, 6, 8, 9, 11, 13], l0 there=[0, 0, 0, 0, 0, 0, 0, 0])  T0 62/62 
   M= 9 E=10 : T1  79/ 88  (fail h=[1, 2, 4, 6, 8, 9, 11, 13, 14], l0 there=[0, 0, 0, 0, 0, 0, 0, 0, 0])  T0 62/62 
   M= 9 E=11 : T1  78/ 88  (fail h=[1, 2, 4, 6, 8, 9, 11, 13, 14, 16], l0 there=[0, 0, 0, 0, 0, 0, 0, 0, 0, 0])  T0 62/62 
   M= 9 E=12 : T1  77/ 88  (fail h=[1, 2, 4, 6, 8, 9, 11, 13, 14, 16, 18], l0 there=[0, 0, 0, 0, 0, 0, 0, 0, 0, 0, 0])  T0 62/62 
   M=10 E= 3 : T1  87/ 88  (fail h=[1], l0 there=[0])  T0 62/62 
   M=10 E= 4 : T1  86/ 88  (fail h=[1, 3], l0 there=[0, 0])  T0 62/62 
   M=10 E= 5 : T1  85/ 88  (fail h=[1, 3, 5], l0 there=[0, 0, 0])  T0 62/62 
   M=10 E= 6 : T1  84/ 88  (fail h=[1, 3, 5, 7], l0 there=[0, 0, 0, 0])  T0 62/62 
   M=10 E= 7 : T1  83/ 88  (fail h=[1, 3, 5, 7, 8], l0 there=[0, 0, 0, 0, 0])  T0 62/62 
   M=10 E= 8 : T1  82/ 88  (fail h=[1, 3, 5, 7, 8, 10], l0 there=[0, 0, 0, 0, 0, 0])  T0 62/62 
   M=10 E= 9 : T1  81/ 88  (fail h=[1, 3, 5, 7, 8, 10, 12], l0 there=[0, 0, 0, 0, 0, 0, 0])  T0 62/62 
   M=10 E=10 : T1  80/ 88  (fail h=[1, 3, 5, 7, 8, 10, 12, 13], l0 there=[0, 0, 0, 0, 0, 0, 0, 0])  T0 62/62 
   M=10 E=11 : T1  79/ 88  (fail h=[1, 3, 5, 7, 8, 10, 12, 13, 15], l0 there=[0, 0, 0, 0, 0, 0, 0, 0, 0])  T0 62/62 
   M=10 E=12 : T1  78/ 88  (fail h=[1, 3, 5, 7, 8, 10, 12, 13, 15, 17], l0 there=[0, 0, 0, 0, 0, 0, 0, 0, 0, 0])  T0 62/62 
   M=11 E= 3 : T1  86/ 87  (fail h=[2], l0 there=[0])  T0 63/63 
   M=11 E= 4 : T1  85/ 87  (fail h=[2, 4], l0 there=[0, 0])  T0 63/63 
   M=11 E= 5 : T1  84/ 87  (fail h=[2, 4, 6], l0 there=[0, 0, 0])  T0 63/63 
   M=11 E= 6 : T1  83/ 87  (fail h=[2, 4, 6, 7], l0 there=[0, 0, 0, 0])  T0 63/63 
   M=11 E= 7 : T1  82/ 87  (fail h=[2, 4, 6, 7, 9], l0 there=[0, 0, 0, 0, 0])  T0 63/63 
   M=11 E= 8 : T1  81/ 87  (fail h=[2, 4, 6, 7, 9, 11], l0 there=[0, 0, 0, 0, 0, 0])  T0 63/63 
   M=11 E= 9 : T1  80/ 87  (fail h=[2, 4, 6, 7, 9, 11, 12], l0 there=[0, 0, 0, 0, 0, 0, 0])  T0 63/63 
   M=11 E=10 : T1  79/ 87  (fail h=[2, 4, 6, 7, 9, 11, 12, 14], l0 there=[0, 0, 0, 0, 0, 0, 0, 0])  T0 63/63 
   M=11 E=11 : T1  78/ 87  (fail h=[2, 4, 6, 7, 9, 11, 12, 14, 16], l0 there=[0, 0, 0, 0, 0, 0, 0, 0, 0])  T0 63/63 
   M=11 E=12 : T1  77/ 87  (fail h=[2, 4, 6, 7, 9, 11, 12, 14, 16, 18], l0 there=[0, 0, 0, 0, 0, 0, 0, 0, 0, 0])  T0 63/63 
   M=12 E= 2 : T1  87/ 88  (fail h=[1], l0 there=[0])  T0 62/62 
   M=12 E= 3 : T1  86/ 88  (fail h=[1, 3], l0 there=[0, 0])  T0 62/62 
   M=12 E= 4 : T1  85/ 88  (fail h=[1, 3, 5], l0 there=[0, 0, 0])  T0 62/62 
   M=12 E= 5 : T1  84/ 88  (fail h=[1, 3, 5, 6], l0 there=[0, 0, 0, 0])  T0 62/62 
   M=12 E= 6 : T1  83/ 88  (fail h=[1, 3, 5, 6, 8], l0 there=[0, 0, 0, 0, 0])  T0 62/62 
   M=12 E= 7 : T1  82/ 88  (fail h=[1, 3, 5, 6, 8, 10], l0 there=[0, 0, 0, 0, 0, 0])  T0 62/62 
   M=12 E= 8 : T1  81/ 88  (fail h=[1, 3, 5, 6, 8, 10, 11], l0 there=[0, 0, 0, 0, 0, 0, 0])  T0 62/62 
   M=12 E= 9 : T1  80/ 88  (fail h=[1, 3, 5, 6, 8, 10, 11, 13], l0 there=[0, 0, 0, 0, 0, 0, 0, 0])  T0 62/62 
   M=12 E=10 : T1  79/ 88  (fail h=[1, 3, 5, 6, 8, 10, 11, 13, 15], l0 there=[0, 0, 0, 0, 0, 0, 0, 0, 0])  T0 62/62 
   M=12 E=11 : T1  78/ 88  (fail h=[1, 3, 5, 6, 8, 10, 11, 13, 15, 17], l0 there=[0, 0, 0, 0, 0, 0, 0, 0, 0, 0])  T0 62/62 
   M=12 E=12 : T1  77/ 88  (fail h=[1, 3, 5, 6, 8, 10, 11, 13, 15, 17, 18], l0 there=[0, 0, 0, 0, 0, 0, 0, 0, 0, 0, 0])  T0 62/62 
   M=13 E= 3 : T1  86/ 87  (fail h=[2], l0 there=[0])  T0 63/63 
   M=13 E= 4 : T1  85/ 87  (fail h=[2, 4], l0 there=[0, 0])  T0 63/63 
   M=13 E= 5 : T1  84/ 87  (fail h=[2, 4, 5], l0 there=[0, 0, 0])  T0 63/63 
   M=13 E= 6 : T1  83/ 87  (fail h=[2, 4, 5, 7], l0 there=[0, 0, 0, 0])  T0 63/63 
   M=13 E= 7 : T1  82/ 87  (fail h=[2, 4, 5, 7, 9], l0 there=[0, 0, 0, 0, 0])  T0 63/63 
   M=13 E= 8 : T1  81/ 87  (fail h=[2, 4, 5, 7, 9, 10], l0 there=[0, 0, 0, 0, 0, 0])  T0 63/63 
   M=13 E= 9 : T1  80/ 87  (fail h=[2, 4, 5, 7, 9, 10, 12], l0 there=[0, 0, 0, 0, 0, 0, 0])  T0 63/63 
   M=13 E=10 : T1  79/ 87  (fail h=[2, 4, 5, 7, 9, 10, 12, 14], l0 there=[0, 0, 0, 0, 0, 0, 0, 0])  T0 63/63 
   M=13 E=11 : T1  78/ 87  (fail h=[2, 4, 5, 7, 9, 10, 12, 14, 16], l0 there=[0, 0, 0, 0, 0, 0, 0, 0, 0])  T0 63/63 
   M=13 E=12 : T1  77/ 87  (fail h=[2, 4, 5, 7, 9, 10, 12, 14, 16, 17], l0 there=[0, 0, 0, 0, 0, 0, 0, 0, 0, 0])  T0 63/63 
   M=14 E= 2 : T1  87/ 88  (fail h=[1], l0 there=[0])  T0 62/62 
   M=14 E= 3 : T1  86/ 88  (fail h=[1, 3], l0 there=[0, 0])  T0 62/62 
   M=14 E= 4 : T1  85/ 88  (fail h=[1, 3, 4], l0 there=[0, 0, 0])  T0 62/62 
   M=14 E= 5 : T1  84/ 88  (fail h=[1, 3, 4, 6], l0 there=[0, 0, 0, 0])  T0 62/62 
   M=14 E= 6 : T1  83/ 88  (fail h=[1, 3, 4, 6, 8], l0 there=[0, 0, 0, 0, 0])  T0 62/62 
   M=14 E= 7 : T1  82/ 88  (fail h=[1, 3, 4, 6, 8, 9], l0 there=[0, 0, 0, 0, 0, 0])  T0 62/62 
   M=14 E= 8 : T1  81/ 88  (fail h=[1, 3, 4, 6, 8, 9, 11], l0 there=[0, 0, 0, 0, 0, 0, 0])  T0 62/62 
   M=14 E= 9 : T1  80/ 88  (fail h=[1, 3, 4, 6, 8, 9, 11, 13], l0 there=[0, 0, 0, 0, 0, 0, 0, 0])  T0 62/62 
   M=14 E=10 : T1  79/ 88  (fail h=[1, 3, 4, 6, 8, 9, 11, 13, 15], l0 there=[0, 0, 0, 0, 0, 0, 0, 0, 0])  T0 62/62 
   M=14 E=11 : T1  78/ 88  (fail h=[1, 3, 4, 6, 8, 9, 11, 13, 15, 16], l0 there=[0, 0, 0, 0, 0, 0, 0, 0, 0, 0])  T0 62/62 
   M=14 E=12 : T1  77/ 88  (fail h=[1, 3, 4, 6, 8, 9, 11, 13, 15, 16, 18], l0 there=[0, 0, 0, 0, 0, 0, 0, 0, 0, 0, 0])  T0 62/62 
   M=15 E= 3 : T1  87/ 88  (fail h=[2], l0 there=[0])  T0 62/62 
   M=15 E= 4 : T1  86/ 88  (fail h=[2, 3], l0 there=[0, 0])  T0 62/62 
   M=15 E= 5 : T1  85/ 88  (fail h=[2, 3, 5], l0 there=[0, 0, 0])  T0 62/62 
   M=15 E= 6 : T1  84/ 88  (fail h=[2, 3, 5, 7], l0 there=[0, 0, 0, 0])  T0 62/62 
   M=15 E= 7 : T1  83/ 88  (fail h=[2, 3, 5, 7, 8], l0 there=[0, 0, 0, 0, 0])  T0 62/62 
   M=15 E= 8 : T1  82/ 88  (fail h=[2, 3, 5, 7, 8, 10], l0 there=[0, 0, 0, 0, 0, 0])  T0 62/62 
   M=15 E= 9 : T1  81/ 88  (fail h=[2, 3, 5, 7, 8, 10, 12], l0 there=[0, 0, 0, 0, 0, 0, 0])  T0 62/62 
   M=15 E=10 : T1  80/ 88  (fail h=[2, 3, 5, 7, 8, 10, 12, 14], l0 there=[0, 0, 0, 0, 0, 0, 0, 0])  T0 62/62 
   M=15 E=11 : T1  79/ 88  (fail h=[2, 3, 5, 7, 8, 10, 12, 14, 15], l0 there=[0, 0, 0, 0, 0, 0, 0, 0, 0])  T0 62/62 
   M=15 E=12 : T1  78/ 88  (fail h=[2, 3, 5, 7, 8, 10, 12, 14, 15, 17], l0 there=[0, 0, 0, 0, 0, 0, 0, 0, 0, 0])  T0 62/62 
   M=16 E= 2 : T1  87/ 88  (fail h=[1], l0 there=[0])  T0 62/62 
   M=16 E= 3 : T1  86/ 88  (fail h=[1, 2], l0 there=[0, 0])  T0 62/62 
   M=16 E= 4 : T1  85/ 88  (fail h=[1, 2, 4], l0 there=[0, 0, 0])  T0 62/62 
   M=16 E= 5 : T1  84/ 88  (fail h=[1, 2, 4, 6], l0 there=[0, 0, 0, 0])  T0 62/62 
   M=16 E= 6 : T1  83/ 88  (fail h=[1, 2, 4, 6, 7], l0 there=[0, 0, 0, 0, 0])  T0 62/62 
   M=16 E= 7 : T1  82/ 88  (fail h=[1, 2, 4, 6, 7, 9], l0 there=[0, 0, 0, 0, 0, 0])  T0 62/62 
   M=16 E= 8 : T1  81/ 88  (fail h=[1, 2, 4, 6, 7, 9, 11], l0 there=[0, 0, 0, 0, 0, 0, 0])  T0 62/62 
   M=16 E= 9 : T1  80/ 88  (fail h=[1, 2, 4, 6, 7, 9, 11, 13], l0 there=[0, 0, 0, 0, 0, 0, 0, 0])  T0 62/62 
   M=16 E=10 : T1  79/ 88  (fail h=[1, 2, 4, 6, 7, 9, 11, 13, 14], l0 there=[0, 0, 0, 0, 0, 0, 0, 0, 0])  T0 62/62 
   M=16 E=11 : T1  78/ 88  (fail h=[1, 2, 4, 6, 7, 9, 11, 13, 14, 16], l0 there=[0, 0, 0, 0, 0, 0, 0, 0, 0, 0])  T0 62/62 
   M=16 E=12 : T1  77/ 88  (fail h=[1, 2, 4, 6, 7, 9, 11, 13, 14, 16, 18], l0 there=[0, 0, 0, 0, 0, 0, 0, 0, 0, 0, 0])  T0 62/62 
   M=17 E= 3 : T1  87/ 88  (fail h=[1], l0 there=[0])  T0 62/62 
   M=17 E= 4 : T1  86/ 88  (fail h=[1, 3], l0 there=[0, 0])  T0 62/62 
   M=17 E= 5 : T1  85/ 88  (fail h=[1, 3, 5], l0 there=[0, 0, 0])  T0 62/62 
   M=17 E= 6 : T1  84/ 88  (fail h=[1, 3, 5, 6], l0 there=[0, 0, 0, 0])  T0 62/62 
   M=17 E= 7 : T1  83/ 88  (fail h=[1, 3, 5, 6, 8], l0 there=[0, 0, 0, 0, 0])  T0 62/62 
   M=17 E= 8 : T1  82/ 88  (fail h=[1, 3, 5, 6, 8, 10], l0 there=[0, 0, 0, 0, 0, 0])  T0 62/62 
   M=17 E= 9 : T1  81/ 88  (fail h=[1, 3, 5, 6, 8, 10, 12], l0 there=[0, 0, 0, 0, 0, 0, 0])  T0 62/62 
   M=17 E=10 : T1  80/ 88  (fail h=[1, 3, 5, 6, 8, 10, 12, 13], l0 there=[0, 0, 0, 0, 0, 0, 0, 0])  T0 62/62 
   M=17 E=11 : T1  79/ 88  (fail h=[1, 3, 5, 6, 8, 10, 12, 13, 15], l0 there=[0, 0, 0, 0, 0, 0, 0, 0, 0])  T0 62/62 
   M=17 E=12 : T1  78/ 88  (fail h=[1, 3, 5, 6, 8, 10, 12, 13, 15, 17], l0 there=[0, 0, 0, 0, 0, 0, 0, 0, 0, 0])  T0 62/62 
   M=18 E= 3 : T1  86/ 87  (fail h=[2], l0 there=[0])  T0 63/63 
   M=18 E= 4 : T1  85/ 87  (fail h=[2, 4], l0 there=[0, 0])  T0 63/63 
   M=18 E= 5 : T1  84/ 87  (fail h=[2, 4, 5], l0 there=[0, 0, 0])  T0 63/63 
   M=18 E= 6 : T1  83/ 87  (fail h=[2, 4, 5, 7], l0 there=[0, 0, 0, 0])  T0 63/63 
   M=18 E= 7 : T1  82/ 87  (fail h=[2, 4, 5, 7, 9], l0 there=[0, 0, 0, 0, 0])  T0 63/63 
   M=18 E= 8 : T1  81/ 87  (fail h=[2, 4, 5, 7, 9, 11], l0 there=[0, 0, 0, 0, 0, 0])  T0 63/63 
   M=18 E= 9 : T1  80/ 87  (fail h=[2, 4, 5, 7, 9, 11, 12], l0 there=[0, 0, 0, 0, 0, 0, 0])  T0 63/63 
   M=18 E=10 : T1  79/ 87  (fail h=[2, 4, 5, 7, 9, 11, 12, 14], l0 there=[0, 0, 0, 0, 0, 0, 0, 0])  T0 63/63 
   M=18 E=11 : T1  78/ 87  (fail h=[2, 4, 5, 7, 9, 11, 12, 14, 16], l0 there=[0, 0, 0, 0, 0, 0, 0, 0, 0])  T0 63/63 
   M=18 E=12 : T1  77/ 87  (fail h=[2, 4, 5, 7, 9, 11, 12, 14, 16, 17], l0 there=[0, 0, 0, 0, 0, 0, 0, 0, 0, 0])  T0 63/63 
   M=19 E= 2 : T1  87/ 88  (fail h=[1], l0 there=[0])  T0 62/62 
   M=19 E= 3 : T1  86/ 88  (fail h=[1, 3], l0 there=[0, 0])  T0 62/62 
   M=19 E= 4 : T1  85/ 88  (fail h=[1, 3, 4], l0 there=[0, 0, 0])  T0 62/62 
   M=19 E= 5 : T1  84/ 88  (fail h=[1, 3, 4, 6], l0 there=[0, 0, 0, 0])  T0 62/62 
   M=19 E= 6 : T1  83/ 88  (fail h=[1, 3, 4, 6, 8], l0 there=[0, 0, 0, 0, 0])  T0 62/62 
   M=19 E= 7 : T1  82/ 88  (fail h=[1, 3, 4, 6, 8, 10], l0 there=[0, 0, 0, 0, 0, 0])  T0 62/62 
   M=19 E= 8 : T1  81/ 88  (fail h=[1, 3, 4, 6, 8, 10, 11], l0 there=[0, 0, 0, 0, 0, 0, 0])  T0 62/62 
   M=19 E= 9 : T1  80/ 88  (fail h=[1, 3, 4, 6, 8, 10, 11, 13], l0 there=[0, 0, 0, 0, 0, 0, 0, 0])  T0 62/62 
   M=19 E=10 : T1  79/ 88  (fail h=[1, 3, 4, 6, 8, 10, 11, 13, 15], l0 there=[0, 0, 0, 0, 0, 0, 0, 0, 0])  T0 62/62 
   M=19 E=11 : T1  78/ 88  (fail h=[1, 3, 4, 6, 8, 10, 11, 13, 15, 16], l0 there=[0, 0, 0, 0, 0, 0, 0, 0, 0, 0])  T0 62/62 
   M=19 E=12 : T1  77/ 88  (fail h=[1, 3, 4, 6, 8, 10, 11, 13, 15, 16, 18], l0 there=[0, 0, 0, 0, 0, 0, 0, 0, 0, 0, 0])  T0 62/62 
   M=20 E= 3 : T1  87/ 88  (fail h=[2], l0 there=[0])  T0 62/62 
   M=20 E= 4 : T1  86/ 88  (fail h=[2, 3], l0 there=[0, 0])  T0 62/62 
   M=20 E= 5 : T1  85/ 88  (fail h=[2, 3, 5], l0 there=[0, 0, 0])  T0 62/62 
   M=20 E= 6 : T1  84/ 88  (fail h=[2, 3, 5, 7], l0 there=[0, 0, 0, 0])  T0 62/62 
   M=20 E= 7 : T1  83/ 88  (fail h=[2, 3, 5, 7, 9], l0 there=[0, 0, 0, 0, 0])  T0 62/62 
   M=20 E= 8 : T1  82/ 88  (fail h=[2, 3, 5, 7, 9, 10], l0 there=[0, 0, 0, 0, 0, 0])  T0 62/62 
   M=20 E= 9 : T1  81/ 88  (fail h=[2, 3, 5, 7, 9, 10, 12], l0 there=[0, 0, 0, 0, 0, 0, 0])  T0 62/62 
   M=20 E=10 : T1  80/ 88  (fail h=[2, 3, 5, 7, 9, 10, 12, 14], l0 there=[0, 0, 0, 0, 0, 0, 0, 0])  T0 62/62 
   M=20 E=11 : T1  79/ 88  (fail h=[2, 3, 5, 7, 9, 10, 12, 14, 15], l0 there=[0, 0, 0, 0, 0, 0, 0, 0, 0])  T0 62/62 
   M=20 E=12 : T1  78/ 88  (fail h=[2, 3, 5, 7, 9, 10, 12, 14, 15, 17], l0 there=[0, 0, 0, 0, 0, 0, 0, 0, 0, 0])  T0 62/62 
   M=21 E= 2 : T1  87/ 88  (fail h=[1], l0 there=[0])  T0 62/62 
   M=21 E= 3 : T1  86/ 88  (fail h=[1, 2], l0 there=[0, 0])  T0 62/62 
   M=21 E= 4 : T1  85/ 88  (fail h=[1, 2, 4], l0 there=[0, 0, 0])  T0 62/62 
   M=21 E= 5 : T1  84/ 88  (fail h=[1, 2, 4, 6], l0 there=[0, 0, 0, 0])  T0 62/62 
   M=21 E= 6 : T1  83/ 88  (fail h=[1, 2, 4, 6, 8], l0 there=[0, 0, 0, 0, 0])  T0 62/62 
   M=21 E= 7 : T1  82/ 88  (fail h=[1, 2, 4, 6, 8, 9], l0 there=[0, 0, 0, 0, 0, 0])  T0 62/62 
   M=21 E= 8 : T1  81/ 88  (fail h=[1, 2, 4, 6, 8, 9, 11], l0 there=[0, 0, 0, 0, 0, 0, 0])  T0 62/62 
   M=21 E= 9 : T1  80/ 88  (fail h=[1, 2, 4, 6, 8, 9, 11, 13], l0 there=[0, 0, 0, 0, 0, 0, 0, 0])  T0 62/62 
   M=21 E=10 : T1  79/ 88  (fail h=[1, 2, 4, 6, 8, 9, 11, 13, 14], l0 there=[0, 0, 0, 0, 0, 0, 0, 0, 0])  T0 62/62 
   M=21 E=11 : T1  78/ 88  (fail h=[1, 2, 4, 6, 8, 9, 11, 13, 14, 16], l0 there=[0, 0, 0, 0, 0, 0, 0, 0, 0, 0])  T0 62/62 
   M=21 E=12 : T1  77/ 88  (fail h=[1, 2, 4, 6, 8, 9, 11, 13, 14, 16, 18], l0 there=[0, 0, 0, 0, 0, 0, 0, 0, 0, 0, 0])  T0 62/62 
   M=22 E= 3 : T1  87/ 88  (fail h=[1], l0 there=[0])  T0 62/62 
   M=22 E= 4 : T1  86/ 88  (fail h=[1, 3], l0 there=[0, 0])  T0 62/62 
   M=22 E= 5 : T1  85/ 88  (fail h=[1, 3, 5], l0 there=[0, 0, 0])  T0 62/62 
   M=22 E= 6 : T1  84/ 88  (fail h=[1, 3, 5, 7], l0 there=[0, 0, 0, 0])  T0 62/62 
   M=22 E= 7 : T1  83/ 88  (fail h=[1, 3, 5, 7, 8], l0 there=[0, 0, 0, 0, 0])  T0 62/62 
   M=22 E= 8 : T1  82/ 88  (fail h=[1, 3, 5, 7, 8, 10], l0 there=[0, 0, 0, 0, 0, 0])  T0 62/62 
   M=22 E= 9 : T1  81/ 88  (fail h=[1, 3, 5, 7, 8, 10, 12], l0 there=[0, 0, 0, 0, 0, 0, 0])  T0 62/62 
   M=22 E=10 : T1  80/ 88  (fail h=[1, 3, 5, 7, 8, 10, 12, 13], l0 there=[0, 0, 0, 0, 0, 0, 0, 0])  T0 62/62 
   M=22 E=11 : T1  79/ 88  (fail h=[1, 3, 5, 7, 8, 10, 12, 13, 15], l0 there=[0, 0, 0, 0, 0, 0, 0, 0, 0])  T0 62/62 
   M=22 E=12 : T1  78/ 88  (fail h=[1, 3, 5, 7, 8, 10, 12, 13, 15, 17], l0 there=[0, 0, 0, 0, 0, 0, 0, 0, 0, 0])  T0 62/62 
   M=23 E= 3 : T1  86/ 87  (fail h=[2], l0 there=[0])  T0 63/63 
   M=23 E= 4 : T1  85/ 87  (fail h=[2, 4], l0 there=[0, 0])  T0 63/63 
   M=23 E= 5 : T1  84/ 87  (fail h=[2, 4, 6], l0 there=[0, 0, 0])  T0 63/63 
   M=23 E= 6 : T1  83/ 87  (fail h=[2, 4, 6, 7], l0 there=[0, 0, 0, 0])  T0 63/63 
   M=23 E= 7 : T1  82/ 87  (fail h=[2, 4, 6, 7, 9], l0 there=[0, 0, 0, 0, 0])  T0 63/63 
   M=23 E= 8 : T1  81/ 87  (fail h=[2, 4, 6, 7, 9, 11], l0 there=[0, 0, 0, 0, 0, 0])  T0 63/63 
   M=23 E= 9 : T1  80/ 87  (fail h=[2, 4, 6, 7, 9, 11, 12], l0 there=[0, 0, 0, 0, 0, 0, 0])  T0 63/63 
   M=23 E=10 : T1  79/ 87  (fail h=[2, 4, 6, 7, 9, 11, 12, 14], l0 there=[0, 0, 0, 0, 0, 0, 0, 0])  T0 63/63 
   M=23 E=11 : T1  78/ 87  (fail h=[2, 4, 6, 7, 9, 11, 12, 14, 16], l0 there=[0, 0, 0, 0, 0, 0, 0, 0, 0])  T0 63/63 
   M=23 E=12 : T1  77/ 87  (fail h=[2, 4, 6, 7, 9, 11, 12, 14, 16, 18], l0 there=[0, 0, 0, 0, 0, 0, 0, 0, 0, 0])  T0 63/63 
   M=24 E= 2 : T1  87/ 88  (fail h=[1], l0 there=[0])  T0 62/62 
   M=24 E= 3 : T1  86/ 88  (fail h=[1, 3], l0 there=[0, 0])  T0 62/62 
   M=24 E= 4 : T1  85/ 88  (fail h=[1, 3, 5], l0 there=[0, 0, 0])  T0 62/62 
   M=24 E= 5 : T1  84/ 88  (fail h=[1, 3, 5, 6], l0 there=[0, 0, 0, 0])  T0 62/62 
   M=24 E= 6 : T1  83/ 88  (fail h=[1, 3, 5, 6, 8], l0 there=[0, 0, 0, 0, 0])  T0 62/62 
   M=24 E= 7 : T1  82/ 88  (fail h=[1, 3, 5, 6, 8, 10], l0 there=[0, 0, 0, 0, 0, 0])  T0 62/62 
   M=24 E= 8 : T1  81/ 88  (fail h=[1, 3, 5, 6, 8, 10, 11], l0 there=[0, 0, 0, 0, 0, 0, 0])  T0 62/62 
   M=24 E= 9 : T1  80/ 88  (fail h=[1, 3, 5, 6, 8, 10, 11, 13], l0 there=[0, 0, 0, 0, 0, 0, 0, 0])  T0 62/62 
   M=24 E=10 : T1  79/ 88  (fail h=[1, 3, 5, 6, 8, 10, 11, 13, 15], l0 there=[0, 0, 0, 0, 0, 0, 0, 0, 0])  T0 62/62 
   M=24 E=11 : T1  78/ 88  (fail h=[1, 3, 5, 6, 8, 10, 11, 13, 15, 17], l0 there=[0, 0, 0, 0, 0, 0, 0, 0, 0, 0])  T0 62/62 
   M=24 E=12 : T1  77/ 88  (fail h=[1, 3, 5, 6, 8, 10, 11, 13, 15, 17, 18], l0 there=[0, 0, 0, 0, 0, 0, 0, 0, 0, 0, 0])  T0 62/62 
   M=25 E= 3 : T1  86/ 87  (fail h=[2], l0 there=[0])  T0 63/63 
   M=25 E= 4 : T1  85/ 87  (fail h=[2, 4], l0 there=[0, 0])  T0 63/63 
   M=25 E= 5 : T1  84/ 87  (fail h=[2, 4, 5], l0 there=[0, 0, 0])  T0 63/63 
   M=25 E= 6 : T1  83/ 87  (fail h=[2, 4, 5, 7], l0 there=[0, 0, 0, 0])  T0 63/63 
   M=25 E= 7 : T1  82/ 87  (fail h=[2, 4, 5, 7, 9], l0 there=[0, 0, 0, 0, 0])  T0 63/63 
   M=25 E= 8 : T1  81/ 87  (fail h=[2, 4, 5, 7, 9, 10], l0 there=[0, 0, 0, 0, 0, 0])  T0 63/63 
   M=25 E= 9 : T1  80/ 87  (fail h=[2, 4, 5, 7, 9, 10, 12], l0 there=[0, 0, 0, 0, 0, 0, 0])  T0 63/63 
   M=25 E=10 : T1  79/ 87  (fail h=[2, 4, 5, 7, 9, 10, 12, 14], l0 there=[0, 0, 0, 0, 0, 0, 0, 0])  T0 63/63 
   M=25 E=11 : T1  78/ 87  (fail h=[2, 4, 5, 7, 9, 10, 12, 14, 16], l0 there=[0, 0, 0, 0, 0, 0, 0, 0, 0])  T0 63/63 
   M=25 E=12 : T1  77/ 87  (fail h=[2, 4, 5, 7, 9, 10, 12, 14, 16, 17], l0 there=[0, 0, 0, 0, 0, 0, 0, 0, 0, 0])  T0 63/63 
   M=26 E= 2 : T1  87/ 88  (fail h=[1], l0 there=[0])  T0 62/62 
   M=26 E= 3 : T1  86/ 88  (fail h=[1, 3], l0 there=[0, 0])  T0 62/62 
   M=26 E= 4 : T1  85/ 88  (fail h=[1, 3, 4], l0 there=[0, 0, 0])  T0 62/62 
   M=26 E= 5 : T1  84/ 88  (fail h=[1, 3, 4, 6], l0 there=[0, 0, 0, 0])  T0 62/62 
   M=26 E= 6 : T1  83/ 88  (fail h=[1, 3, 4, 6, 8], l0 there=[0, 0, 0, 0, 0])  T0 62/62 
   M=26 E= 7 : T1  82/ 88  (fail h=[1, 3, 4, 6, 8, 9], l0 there=[0, 0, 0, 0, 0, 0])  T0 62/62 
   M=26 E= 8 : T1  81/ 88  (fail h=[1, 3, 4, 6, 8, 9, 11], l0 there=[0, 0, 0, 0, 0, 0, 0])  T0 62/62 
   M=26 E= 9 : T1  80/ 88  (fail h=[1, 3, 4, 6, 8, 9, 11, 13], l0 there=[0, 0, 0, 0, 0, 0, 0, 0])  T0 62/62 
   M=26 E=10 : T1  79/ 88  (fail h=[1, 3, 4, 6, 8, 9, 11, 13, 15], l0 there=[0, 0, 0, 0, 0, 0, 0, 0, 0])  T0 62/62 
   M=26 E=11 : T1  78/ 88  (fail h=[1, 3, 4, 6, 8, 9, 11, 13, 15, 16], l0 there=[0, 0, 0, 0, 0, 0, 0, 0, 0, 0])  T0 62/62 
   M=26 E=12 : T1  77/ 88  (fail h=[1, 3, 4, 6, 8, 9, 11, 13, 15, 16, 18], l0 there=[0, 0, 0, 0, 0, 0, 0, 0, 0, 0, 0])  T0 62/62 
   M=27 E= 3 : T1  87/ 88  (fail h=[2], l0 there=[0])  T0 62/62 
   M=27 E= 4 : T1  86/ 88  (fail h=[2, 3], l0 there=[0, 0])  T0 62/62 
   M=27 E= 5 : T1  85/ 88  (fail h=[2, 3, 5], l0 there=[0, 0, 0])  T0 62/62 
   M=27 E= 6 : T1  84/ 88  (fail h=[2, 3, 5, 7], l0 there=[0, 0, 0, 0])  T0 62/62 
   M=27 E= 7 : T1  83/ 88  (fail h=[2, 3, 5, 7, 8], l0 there=[0, 0, 0, 0, 0])  T0 62/62 
   M=27 E= 8 : T1  82/ 88  (fail h=[2, 3, 5, 7, 8, 10], l0 there=[0, 0, 0, 0, 0, 0])  T0 62/62 
   M=27 E= 9 : T1  81/ 88  (fail h=[2, 3, 5, 7, 8, 10, 12], l0 there=[0, 0, 0, 0, 0, 0, 0])  T0 62/62 
   M=27 E=10 : T1  80/ 88  (fail h=[2, 3, 5, 7, 8, 10, 12, 14], l0 there=[0, 0, 0, 0, 0, 0, 0, 0])  T0 62/62 
   M=27 E=11 : T1  79/ 88  (fail h=[2, 3, 5, 7, 8, 10, 12, 14, 15], l0 there=[0, 0, 0, 0, 0, 0, 0, 0, 0])  T0 62/62 
   M=27 E=12 : T1  78/ 88  (fail h=[2, 3, 5, 7, 8, 10, 12, 14, 15, 17], l0 there=[0, 0, 0, 0, 0, 0, 0, 0, 0, 0])  T0 62/62 
   M=28 E= 2 : T1  87/ 88  (fail h=[1], l0 there=[0])  T0 62/62 
   M=28 E= 3 : T1  86/ 88  (fail h=[1, 2], l0 there=[0, 0])  T0 62/62 
   M=28 E= 4 : T1  85/ 88  (fail h=[1, 2, 4], l0 there=[0, 0, 0])  T0 62/62 
   M=28 E= 5 : T1  84/ 88  (fail h=[1, 2, 4, 6], l0 there=[0, 0, 0, 0])  T0 62/62 
   M=28 E= 6 : T1  83/ 88  (fail h=[1, 2, 4, 6, 7], l0 there=[0, 0, 0, 0, 0])  T0 62/62 
   M=28 E= 7 : T1  82/ 88  (fail h=[1, 2, 4, 6, 7, 9], l0 there=[0, 0, 0, 0, 0, 0])  T0 62/62 
   M=28 E= 8 : T1  81/ 88  (fail h=[1, 2, 4, 6, 7, 9, 11], l0 there=[0, 0, 0, 0, 0, 0, 0])  T0 62/62 
   M=28 E= 9 : T1  80/ 88  (fail h=[1, 2, 4, 6, 7, 9, 11, 13], l0 there=[0, 0, 0, 0, 0, 0, 0, 0])  T0 62/62 
   M=28 E=10 : T1  79/ 88  (fail h=[1, 2, 4, 6, 7, 9, 11, 13, 14], l0 there=[0, 0, 0, 0, 0, 0, 0, 0, 0])  T0 62/62 
   M=28 E=11 : T1  78/ 88  (fail h=[1, 2, 4, 6, 7, 9, 11, 13, 14, 16], l0 there=[0, 0, 0, 0, 0, 0, 0, 0, 0, 0])  T0 62/62 
   M=28 E=12 : T1  77/ 88  (fail h=[1, 2, 4, 6, 7, 9, 11, 13, 14, 16, 18], l0 there=[0, 0, 0, 0, 0, 0, 0, 0, 0, 0, 0])  T0 62/62 
   M=29 E= 3 : T1  87/ 88  (fail h=[1], l0 there=[0])  T0 62/62 
   M=29 E= 4 : T1  86/ 88  (fail h=[1, 3], l0 there=[0, 0])  T0 62/62 
   M=29 E= 5 : T1  85/ 88  (fail h=[1, 3, 5], l0 there=[0, 0, 0])  T0 62/62 
   M=29 E= 6 : T1  84/ 88  (fail h=[1, 3, 5, 6], l0 there=[0, 0, 0, 0])  T0 62/62 
   M=29 E= 7 : T1  83/ 88  (fail h=[1, 3, 5, 6, 8], l0 there=[0, 0, 0, 0, 0])  T0 62/62 
   M=29 E= 8 : T1  82/ 88  (fail h=[1, 3, 5, 6, 8, 10], l0 there=[0, 0, 0, 0, 0, 0])  T0 62/62 
   M=29 E= 9 : T1  81/ 88  (fail h=[1, 3, 5, 6, 8, 10, 12], l0 there=[0, 0, 0, 0, 0, 0, 0])  T0 62/62 
   M=29 E=10 : T1  80/ 88  (fail h=[1, 3, 5, 6, 8, 10, 12, 13], l0 there=[0, 0, 0, 0, 0, 0, 0, 0])  T0 62/62 
   M=29 E=11 : T1  79/ 88  (fail h=[1, 3, 5, 6, 8, 10, 12, 13, 15], l0 there=[0, 0, 0, 0, 0, 0, 0, 0, 0])  T0 62/62 
   M=29 E=12 : T1  78/ 88  (fail h=[1, 3, 5, 6, 8, 10, 12, 13, 15, 17], l0 there=[0, 0, 0, 0, 0, 0, 0, 0, 0, 0])  T0 62/62 
   M=30 E= 3 : T1  86/ 87  (fail h=[2], l0 there=[0])  T0 63/63 
   M=30 E= 4 : T1  85/ 87  (fail h=[2, 4], l0 there=[0, 0])  T0 63/63 
   M=30 E= 5 : T1  84/ 87  (fail h=[2, 4, 5], l0 there=[0, 0, 0])  T0 63/63 
   M=30 E= 6 : T1  83/ 87  (fail h=[2, 4, 5, 7], l0 there=[0, 0, 0, 0])  T0 63/63 
   M=30 E= 7 : T1  82/ 87  (fail h=[2, 4, 5, 7, 9], l0 there=[0, 0, 0, 0, 0])  T0 63/63 
   M=30 E= 8 : T1  81/ 87  (fail h=[2, 4, 5, 7, 9, 11], l0 there=[0, 0, 0, 0, 0, 0])  T0 63/63 
   M=30 E= 9 : T1  80/ 87  (fail h=[2, 4, 5, 7, 9, 11, 12], l0 there=[0, 0, 0, 0, 0, 0, 0])  T0 63/63 
   M=30 E=10 : T1  79/ 87  (fail h=[2, 4, 5, 7, 9, 11, 12, 14], l0 there=[0, 0, 0, 0, 0, 0, 0, 0])  T0 63/63 
   M=30 E=11 : T1  78/ 87  (fail h=[2, 4, 5, 7, 9, 11, 12, 14, 16], l0 there=[0, 0, 0, 0, 0, 0, 0, 0, 0])  T0 63/63 
   M=30 E=12 : T1  77/ 87  (fail h=[2, 4, 5, 7, 9, 11, 12, 14, 16, 17], l0 there=[0, 0, 0, 0, 0, 0, 0, 0, 0, 0])  T0 63/63 
   M=31 E= 2 : T1  87/ 88  (fail h=[1], l0 there=[0])  T0 62/62 
   M=31 E= 3 : T1  86/ 88  (fail h=[1, 3], l0 there=[0, 0])  T0 62/62 
   M=31 E= 4 : T1  85/ 88  (fail h=[1, 3, 4], l0 there=[0, 0, 0])  T0 62/62 
   M=31 E= 5 : T1  84/ 88  (fail h=[1, 3, 4, 6], l0 there=[0, 0, 0, 0])  T0 62/62 
   M=31 E= 6 : T1  83/ 88  (fail h=[1, 3, 4, 6, 8], l0 there=[0, 0, 0, 0, 0])  T0 62/62 
   M=31 E= 7 : T1  82/ 88  (fail h=[1, 3, 4, 6, 8, 10], l0 there=[0, 0, 0, 0, 0, 0])  T0 62/62 
   M=31 E= 8 : T1  81/ 88  (fail h=[1, 3, 4, 6, 8, 10, 11], l0 there=[0, 0, 0, 0, 0, 0, 0])  T0 62/62 
   M=31 E= 9 : T1  80/ 88  (fail h=[1, 3, 4, 6, 8, 10, 11, 13], l0 there=[0, 0, 0, 0, 0, 0, 0, 0])  T0 62/62 
   M=31 E=10 : T1  79/ 88  (fail h=[1, 3, 4, 6, 8, 10, 11, 13, 15], l0 there=[0, 0, 0, 0, 0, 0, 0, 0, 0])  T0 62/62 
   M=31 E=11 : T1  78/ 88  (fail h=[1, 3, 4, 6, 8, 10, 11, 13, 15, 16], l0 there=[0, 0, 0, 0, 0, 0, 0, 0, 0, 0])  T0 62/62 
   M=31 E=12 : T1  77/ 88  (fail h=[1, 3, 4, 6, 8, 10, 11, 13, 15, 16, 18], l0 there=[0, 0, 0, 0, 0, 0, 0, 0, 0, 0, 0])  T0 62/62 
   M=32 E= 3 : T1  87/ 88  (fail h=[2], l0 there=[0])  T0 62/62 
   M=32 E= 4 : T1  86/ 88  (fail h=[2, 3], l0 there=[0, 0])  T0 62/62 
   M=32 E= 5 : T1  85/ 88  (fail h=[2, 3, 5], l0 there=[0, 0, 0])  T0 62/62 
   M=32 E= 6 : T1  84/ 88  (fail h=[2, 3, 5, 7], l0 there=[0, 0, 0, 0])  T0 62/62 
   M=32 E= 7 : T1  83/ 88  (fail h=[2, 3, 5, 7, 9], l0 there=[0, 0, 0, 0, 0])  T0 62/62 
   M=32 E= 8 : T1  82/ 88  (fail h=[2, 3, 5, 7, 9, 10], l0 there=[0, 0, 0, 0, 0, 0])  T0 62/62 
   M=32 E= 9 : T1  81/ 88  (fail h=[2, 3, 5, 7, 9, 10, 12], l0 there=[0, 0, 0, 0, 0, 0, 0])  T0 62/62 
   M=32 E=10 : T1  80/ 88  (fail h=[2, 3, 5, 7, 9, 10, 12, 14], l0 there=[0, 0, 0, 0, 0, 0, 0, 0])  T0 62/62 
   M=32 E=11 : T1  79/ 88  (fail h=[2, 3, 5, 7, 9, 10, 12, 14, 15], l0 there=[0, 0, 0, 0, 0, 0, 0, 0, 0])  T0 62/62 
   M=32 E=12 : T1  78/ 88  (fail h=[2, 3, 5, 7, 9, 10, 12, 14, 15, 17], l0 there=[0, 0, 0, 0, 0, 0, 0, 0, 0, 0])  T0 62/62 
   M=33 E= 2 : T1  87/ 88  (fail h=[1], l0 there=[0])  T0 62/62 
   M=33 E= 3 : T1  86/ 88  (fail h=[1, 2], l0 there=[0, 0])  T0 62/62 
   M=33 E= 4 : T1  85/ 88  (fail h=[1, 2, 4], l0 there=[0, 0, 0])  T0 62/62 
   M=33 E= 5 : T1  84/ 88  (fail h=[1, 2, 4, 6], l0 there=[0, 0, 0, 0])  T0 62/62 
   M=33 E= 6 : T1  83/ 88  (fail h=[1, 2, 4, 6, 8], l0 there=[0, 0, 0, 0, 0])  T0 62/62 
   M=33 E= 7 : T1  82/ 88  (fail h=[1, 2, 4, 6, 8, 9], l0 there=[0, 0, 0, 0, 0, 0])  T0 62/62 
   M=33 E= 8 : T1  81/ 88  (fail h=[1, 2, 4, 6, 8, 9, 11], l0 there=[0, 0, 0, 0, 0, 0, 0])  T0 62/62 
   M=33 E= 9 : T1  80/ 88  (fail h=[1, 2, 4, 6, 8, 9, 11, 13], l0 there=[0, 0, 0, 0, 0, 0, 0, 0])  T0 62/62 
   M=33 E=10 : T1  79/ 88  (fail h=[1, 2, 4, 6, 8, 9, 11, 13, 14], l0 there=[0, 0, 0, 0, 0, 0, 0, 0, 0])  T0 62/62 
   M=33 E=11 : T1  78/ 88  (fail h=[1, 2, 4, 6, 8, 9, 11, 13, 14, 16], l0 there=[0, 0, 0, 0, 0, 0, 0, 0, 0, 0])  T0 62/62 
   M=33 E=12 : T1  77/ 88  (fail h=[1, 2, 4, 6, 8, 9, 11, 13, 14, 16, 18], l0 there=[0, 0, 0, 0, 0, 0, 0, 0, 0, 0, 0])  T0 62/62 
   M=34 E= 3 : T1  87/ 88  (fail h=[1], l0 there=[0])  T0 62/62 
   M=34 E= 4 : T1  86/ 88  (fail h=[1, 3], l0 there=[0, 0])  T0 62/62 
   M=34 E= 5 : T1  85/ 88  (fail h=[1, 3, 5], l0 there=[0, 0, 0])  T0 62/62 
   M=34 E= 6 : T1  84/ 88  (fail h=[1, 3, 5, 7], l0 there=[0, 0, 0, 0])  T0 62/62 
   M=34 E= 7 : T1  83/ 88  (fail h=[1, 3, 5, 7, 8], l0 there=[0, 0, 0, 0, 0])  T0 62/62 
   M=34 E= 8 : T1  82/ 88  (fail h=[1, 3, 5, 7, 8, 10], l0 there=[0, 0, 0, 0, 0, 0])  T0 62/62 
   M=34 E= 9 : T1  81/ 88  (fail h=[1, 3, 5, 7, 8, 10, 12], l0 there=[0, 0, 0, 0, 0, 0, 0])  T0 62/62 
   M=34 E=10 : T1  80/ 88  (fail h=[1, 3, 5, 7, 8, 10, 12, 13], l0 there=[0, 0, 0, 0, 0, 0, 0, 0])  T0 62/62 
   M=34 E=11 : T1  79/ 88  (fail h=[1, 3, 5, 7, 8, 10, 12, 13, 15], l0 there=[0, 0, 0, 0, 0, 0, 0, 0, 0])  T0 62/62 
   M=34 E=12 : T1  78/ 88  (fail h=[1, 3, 5, 7, 8, 10, 12, 13, 15, 17], l0 there=[0, 0, 0, 0, 0, 0, 0, 0, 0, 0])  T0 62/62 
   M=35 E= 3 : T1  86/ 87  (fail h=[2], l0 there=[0])  T0 63/63 
   M=35 E= 4 : T1  85/ 87  (fail h=[2, 4], l0 there=[0, 0])  T0 63/63 
   M=35 E= 5 : T1  84/ 87  (fail h=[2, 4, 6], l0 there=[0, 0, 0])  T0 63/63 
   M=35 E= 6 : T1  83/ 87  (fail h=[2, 4, 6, 7], l0 there=[0, 0, 0, 0])  T0 63/63 
   M=35 E= 7 : T1  82/ 87  (fail h=[2, 4, 6, 7, 9], l0 there=[0, 0, 0, 0, 0])  T0 63/63 
   M=35 E= 8 : T1  81/ 87  (fail h=[2, 4, 6, 7, 9, 11], l0 there=[0, 0, 0, 0, 0, 0])  T0 63/63 
   M=35 E= 9 : T1  80/ 87  (fail h=[2, 4, 6, 7, 9, 11, 12], l0 there=[0, 0, 0, 0, 0, 0, 0])  T0 63/63 
   M=35 E=10 : T1  79/ 87  (fail h=[2, 4, 6, 7, 9, 11, 12, 14], l0 there=[0, 0, 0, 0, 0, 0, 0, 0])  T0 63/63 
   M=35 E=11 : T1  78/ 87  (fail h=[2, 4, 6, 7, 9, 11, 12, 14, 16], l0 there=[0, 0, 0, 0, 0, 0, 0, 0, 0])  T0 63/63 
   M=35 E=12 : T1  77/ 87  (fail h=[2, 4, 6, 7, 9, 11, 12, 14, 16, 17], l0 there=[0, 0, 0, 0, 0, 0, 0, 0, 0, 0])  T0 63/63 
   M=36 E= 2 : T1  87/ 88  (fail h=[1], l0 there=[0])  T0 62/62 
   M=36 E= 3 : T1  86/ 88  (fail h=[1, 3], l0 there=[0, 0])  T0 62/62 
   M=36 E= 4 : T1  85/ 88  (fail h=[1, 3, 5], l0 there=[0, 0, 0])  T0 62/62 
   M=36 E= 5 : T1  84/ 88  (fail h=[1, 3, 5, 6], l0 there=[0, 0, 0, 0])  T0 62/62 
   M=36 E= 6 : T1  83/ 88  (fail h=[1, 3, 5, 6, 8], l0 there=[0, 0, 0, 0, 0])  T0 62/62 
   M=36 E= 7 : T1  82/ 88  (fail h=[1, 3, 5, 6, 8, 10], l0 there=[0, 0, 0, 0, 0, 0])  T0 62/62 
   M=36 E= 8 : T1  81/ 88  (fail h=[1, 3, 5, 6, 8, 10, 11], l0 there=[0, 0, 0, 0, 0, 0, 0])  T0 62/62 
   M=36 E= 9 : T1  80/ 88  (fail h=[1, 3, 5, 6, 8, 10, 11, 13], l0 there=[0, 0, 0, 0, 0, 0, 0, 0])  T0 62/62 
   M=36 E=10 : T1  79/ 88  (fail h=[1, 3, 5, 6, 8, 10, 11, 13, 15], l0 there=[0, 0, 0, 0, 0, 0, 0, 0, 0])  T0 62/62 
   M=36 E=11 : T1  78/ 88  (fail h=[1, 3, 5, 6, 8, 10, 11, 13, 15, 16], l0 there=[0, 0, 0, 0, 0, 0, 0, 0, 0, 0])  T0 62/62 
   M=36 E=12 : T1  77/ 88  (fail h=[1, 3, 5, 6, 8, 10, 11, 13, 15, 16, 18], l0 there=[0, 0, 0, 0, 0, 0, 0, 0, 0, 0, 0])  T0 62/62 
   M=37 E= 3 : T1  86/ 87  (fail h=[2], l0 there=[0])  T0 63/63 
   M=37 E= 4 : T1  85/ 87  (fail h=[2, 4], l0 there=[0, 0])  T0 63/63 
   M=37 E= 5 : T1  84/ 87  (fail h=[2, 4, 5], l0 there=[0, 0, 0])  T0 63/63 
   M=37 E= 6 : T1  83/ 87  (fail h=[2, 4, 5, 7], l0 there=[0, 0, 0, 0])  T0 63/63 
   M=37 E= 7 : T1  82/ 87  (fail h=[2, 4, 5, 7, 9], l0 there=[0, 0, 0, 0, 0])  T0 63/63 
   M=37 E= 8 : T1  81/ 87  (fail h=[2, 4, 5, 7, 9, 10], l0 there=[0, 0, 0, 0, 0, 0])  T0 63/63 
   M=37 E= 9 : T1  80/ 87  (fail h=[2, 4, 5, 7, 9, 10, 12], l0 there=[0, 0, 0, 0, 0, 0, 0])  T0 63/63 
   M=37 E=10 : T1  79/ 87  (fail h=[2, 4, 5, 7, 9, 10, 12, 14], l0 there=[0, 0, 0, 0, 0, 0, 0, 0])  T0 63/63 
   M=37 E=11 : T1  78/ 87  (fail h=[2, 4, 5, 7, 9, 10, 12, 14, 15], l0 there=[0, 0, 0, 0, 0, 0, 0, 0, 0])  T0 63/63 
   M=37 E=12 : T1  77/ 87  (fail h=[2, 4, 5, 7, 9, 10, 12, 14, 15, 17], l0 there=[0, 0, 0, 0, 0, 0, 0, 0, 0, 0])  T0 63/63 
   M=38 E= 2 : T1  87/ 88  (fail h=[1], l0 there=[0])  T0 62/62 
   M=38 E= 3 : T1  86/ 88  (fail h=[1, 3], l0 there=[0, 0])  T0 62/62 
   M=38 E= 4 : T1  85/ 88  (fail h=[1, 3, 4], l0 there=[0, 0, 0])  T0 62/62 
   M=38 E= 5 : T1  84/ 88  (fail h=[1, 3, 4, 6], l0 there=[0, 0, 0, 0])  T0 62/62 
   M=38 E= 6 : T1  83/ 88  (fail h=[1, 3, 4, 6, 8], l0 there=[0, 0, 0, 0, 0])  T0 62/62 
   M=38 E= 7 : T1  82/ 88  (fail h=[1, 3, 4, 6, 8, 9], l0 there=[0, 0, 0, 0, 0, 0])  T0 62/62 
   M=38 E= 8 : T1  81/ 88  (fail h=[1, 3, 4, 6, 8, 9, 11], l0 there=[0, 0, 0, 0, 0, 0, 0])  T0 62/62 
   M=38 E= 9 : T1  80/ 88  (fail h=[1, 3, 4, 6, 8, 9, 11, 13], l0 there=[0, 0, 0, 0, 0, 0, 0, 0])  T0 62/62 
   M=38 E=10 : T1  79/ 88  (fail h=[1, 3, 4, 6, 8, 9, 11, 13, 14], l0 there=[0, 0, 0, 0, 0, 0, 0, 0, 0])  T0 62/62 
   M=38 E=11 : T1  78/ 88  (fail h=[1, 3, 4, 6, 8, 9, 11, 13, 14, 16], l0 there=[0, 0, 0, 0, 0, 0, 0, 0, 0, 0])  T0 62/62 
   M=38 E=12 : T1  77/ 88  (fail h=[1, 3, 4, 6, 8, 9, 11, 13, 14, 16, 18], l0 there=[0, 0, 0, 0, 0, 0, 0, 0, 0, 0, 0])  T0 62/62 
   M=39 E= 3 : T1  87/ 88  (fail h=[2], l0 there=[0])  T0 62/62 
   M=39 E= 4 : T1  86/ 88  (fail h=[2, 3], l0 there=[0, 0])  T0 62/62 
   M=39 E= 5 : T1  85/ 88  (fail h=[2, 3, 5], l0 there=[0, 0, 0])  T0 62/62 
   M=39 E= 6 : T1  84/ 88  (fail h=[2, 3, 5, 7], l0 there=[0, 0, 0, 0])  T0 62/62 
   M=39 E= 7 : T1  83/ 88  (fail h=[2, 3, 5, 7, 8], l0 there=[0, 0, 0, 0, 0])  T0 62/62 
   M=39 E= 8 : T1  82/ 88  (fail h=[2, 3, 5, 7, 8, 10], l0 there=[0, 0, 0, 0, 0, 0])  T0 62/62 
   M=39 E= 9 : T1  81/ 88  (fail h=[2, 3, 5, 7, 8, 10, 12], l0 there=[0, 0, 0, 0, 0, 0, 0])  T0 62/62 
   M=39 E=10 : T1  80/ 88  (fail h=[2, 3, 5, 7, 8, 10, 12, 13], l0 there=[0, 0, 0, 0, 0, 0, 0, 0])  T0 62/62 
   M=39 E=11 : T1  79/ 88  (fail h=[2, 3, 5, 7, 8, 10, 12, 13, 15], l0 there=[0, 0, 0, 0, 0, 0, 0, 0, 0])  T0 62/62 
   M=39 E=12 : T1  78/ 88  (fail h=[2, 3, 5, 7, 8, 10, 12, 13, 15, 17], l0 there=[0, 0, 0, 0, 0, 0, 0, 0, 0, 0])  T0 62/62 
   M=40 E= 2 : T1  87/ 88  (fail h=[1], l0 there=[0])  T0 62/62 
   M=40 E= 3 : T1  86/ 88  (fail h=[1, 2], l0 there=[0, 0])  T0 62/62 
   M=40 E= 4 : T1  85/ 88  (fail h=[1, 2, 4], l0 there=[0, 0, 0])  T0 62/62 
   M=40 E= 5 : T1  84/ 88  (fail h=[1, 2, 4, 6], l0 there=[0, 0, 0, 0])  T0 62/62 
   M=40 E= 6 : T1  83/ 88  (fail h=[1, 2, 4, 6, 7], l0 there=[0, 0, 0, 0, 0])  T0 62/62 
   M=40 E= 7 : T1  82/ 88  (fail h=[1, 2, 4, 6, 7, 9], l0 there=[0, 0, 0, 0, 0, 0])  T0 62/62 
   M=40 E= 8 : T1  81/ 88  (fail h=[1, 2, 4, 6, 7, 9, 11], l0 there=[0, 0, 0, 0, 0, 0, 0])  T0 62/62 
   M=40 E= 9 : T1  80/ 88  (fail h=[1, 2, 4, 6, 7, 9, 11, 12], l0 there=[0, 0, 0, 0, 0, 0, 0, 0])  T0 62/62 
   M=40 E=10 : T1  79/ 88  (fail h=[1, 2, 4, 6, 7, 9, 11, 12, 14], l0 there=[0, 0, 0, 0, 0, 0, 0, 0, 0])  T0 62/62 
   M=40 E=11 : T1  78/ 88  (fail h=[1, 2, 4, 6, 7, 9, 11, 12, 14, 16], l0 there=[0, 0, 0, 0, 0, 0, 0, 0, 0, 0])  T0 62/62 
   M=40 E=12 : T1  77/ 88  (fail h=[1, 2, 4, 6, 7, 9, 11, 12, 14, 16, 18], l0 there=[0, 0, 0, 0, 0, 0, 0, 0, 0, 0, 0])  T0 62/62 
   TOTAL: T1 exact on 38744/41076 eps=1 transitions (468 classes); T0 exact on 29124/29124
   every T1 failure occurs at h in [1, 2, 3, 4, 5, 6, 7, 8, 9, 10, 11, 12, 13, 14, 15, 16, 17, 18] ; max failing h = 18
   l_0 values at failures: [0]
== 1.2 characterisation of the failing transitions ==
   #failures=2332
    M= 2 E= 2 h= 1 : l-profile(h)=[0, 0]  l(h+1)=[0, 0, 0]
    M= 2 E= 3 h= 1 : l-profile(h)=[0, 0]  l(h+1)=[0, 0, 0]
    M= 2 E= 3 h= 3 : l-profile(h)=[0, 0, 0, 0]  l(h+1)=[0, 0, 0, 0, 0]
    M= 2 E= 4 h= 1 : l-profile(h)=[0, 0]  l(h+1)=[0, 0, 0]
    M= 2 E= 4 h= 3 : l-profile(h)=[0, 0, 0, 0]  l(h+1)=[0, 0, 0, 0, 0]
    M= 2 E= 4 h= 4 : l-profile(h)=[0, 0, 0, 0, 0]  l(h+1)=[0, 0, 0, 0, 0, 0]
    M= 2 E= 5 h= 1 : l-profile(h)=[0, 0]  l(h+1)=[0, 0, 0]
    M= 2 E= 5 h= 3 : l-profile(h)=[0, 0, 0, 0]  l(h+1)=[0, 0, 0, 0, 0]
    M= 2 E= 5 h= 4 : l-profile(h)=[0, 0, 0, 0, 0]  l(h+1)=[0, 0, 0, 0, 0, 0]
    M= 2 E= 5 h= 6 : l-profile(h)=[0, 0, 0, 0, 0, 0, 0]  l(h+1)=[0, 0, 0, 0, 0, 0, 0, 0]
    M= 2 E= 6 h= 1 : l-profile(h)=[0, 0]  l(h+1)=[0, 0, 0]
    M= 2 E= 6 h= 3 : l-profile(h)=[0, 0, 0, 0]  l(h+1)=[0, 0, 0, 0, 0]
    M= 2 E= 6 h= 4 : l-profile(h)=[0, 0, 0, 0, 0]  l(h+1)=[0, 0, 0, 0, 0, 0]
    M= 2 E= 6 h= 6 : l-profile(h)=[0, 0, 0, 0, 0, 0, 0]  l(h+1)=[0, 0, 0, 0, 0, 0, 0, 0]
    M= 2 E= 6 h= 8 : l-profile(h)=[0, 0, 0, 0, 0, 0, 0, 0]  l(h+1)=[0, 0, 0, 0, 0, 0, 0, 0]
    M= 2 E= 7 h= 1 : l-profile(h)=[0, 0]  l(h+1)=[0, 0, 0]
    M= 2 E= 7 h= 3 : l-profile(h)=[0, 0, 0, 0]  l(h+1)=[0, 0, 0, 0, 0]
    M= 2 E= 7 h= 4 : l-profile(h)=[0, 0, 0, 0, 0]  l(h+1)=[0, 0, 0, 0, 0, 0]
    M= 2 E= 7 h= 6 : l-profile(h)=[0, 0, 0, 0, 0, 0, 0]  l(h+1)=[0, 0, 0, 0, 0, 0, 0, 0]
    M= 2 E= 7 h= 8 : l-profile(h)=[0, 0, 0, 0, 0, 0, 0, 0]  l(h+1)=[0, 0, 0, 0, 0, 0, 0, 0]
    M= 2 E= 7 h= 9 : l-profile(h)=[0, 0, 0, 0, 0, 0, 0, 0]  l(h+1)=[0, 0, 0, 0, 0, 0, 0, 0]
    M= 2 E= 8 h= 1 : l-profile(h)=[0, 0]  l(h+1)=[0, 0, 0]
    M= 2 E= 8 h= 3 : l-profile(h)=[0, 0, 0, 0]  l(h+1)=[0, 0, 0, 0, 0]
    M= 2 E= 8 h= 4 : l-profile(h)=[0, 0, 0, 0, 0]  l(h+1)=[0, 0, 0, 0, 0, 0]
    M= 2 E= 8 h= 6 : l-profile(h)=[0, 0, 0, 0, 0, 0, 0]  l(h+1)=[0, 0, 0, 0, 0, 0, 0, 0]
    M= 2 E= 8 h= 8 : l-profile(h)=[0, 0, 0, 0, 0, 0, 0, 0]  l(h+1)=[0, 0, 0, 0, 0, 0, 0, 0]
    M= 2 E= 8 h= 9 : l-profile(h)=[0, 0, 0, 0, 0, 0, 0, 0]  l(h+1)=[0, 0, 0, 0, 0, 0, 0, 0]
    M= 2 E= 8 h=11 : l-profile(h)=[0, 0, 0, 0, 0, 0, 0, 0]  l(h+1)=[0, 0, 0, 0, 0, 0, 0, 0]
    M= 2 E= 9 h= 1 : l-profile(h)=[0, 0]  l(h+1)=[0, 0, 0]
    M= 2 E= 9 h= 3 : l-profile(h)=[0, 0, 0, 0]  l(h+1)=[0, 0, 0, 0, 0]
    M= 2 E= 9 h= 4 : l-profile(h)=[0, 0, 0, 0, 0]  l(h+1)=[0, 0, 0, 0, 0, 0]
    M= 2 E= 9 h= 6 : l-profile(h)=[0, 0, 0, 0, 0, 0, 0]  l(h+1)=[0, 0, 0, 0, 0, 0, 0, 0]
    M= 2 E= 9 h= 8 : l-profile(h)=[0, 0, 0, 0, 0, 0, 0, 0]  l(h+1)=[0, 0, 0, 0, 0, 0, 0, 0]
    M= 2 E= 9 h= 9 : l-profile(h)=[0, 0, 0, 0, 0, 0, 0, 0]  l(h+1)=[0, 0, 0, 0, 0, 0, 0, 0]
    M= 2 E= 9 h=11 : l-profile(h)=[0, 0, 0, 0, 0, 0, 0, 0]  l(h+1)=[0, 0, 0, 0, 0, 0, 0, 0]
    M= 2 E= 9 h=13 : l-profile(h)=[0, 0, 0, 0, 0, 0, 0, 0]  l(h+1)=[0, 0, 0, 0, 0, 0, 0, 0]
    M= 2 E=10 h= 1 : l-profile(h)=[0, 0]  l(h+1)=[0, 0, 0]
    M= 2 E=10 h= 3 : l-profile(h)=[0, 0, 0, 0]  l(h+1)=[0, 0, 0, 0, 0]
    M= 2 E=10 h= 4 : l-profile(h)=[0, 0, 0, 0, 0]  l(h+1)=[0, 0, 0, 0, 0, 0]
    M= 2 E=10 h= 6 : l-profile(h)=[0, 0, 0, 0, 0, 0, 0]  l(h+1)=[0, 0, 0, 0, 0, 0, 0, 0]
== 1.3 same sweep with margin 0 (j<=h, no exclusion) ==
   classes with any eps=1 failure at margin 0: 407
   e.g. [(2, 2, [1]), (2, 3, [1, 3]), (2, 4, [1, 3, 4]), (2, 5, [1, 3, 4, 6]), (2, 6, [1, 3, 4, 6, 8]), (2, 7, [1, 3, 4, 6, 8, 9])]